src/components/admin/ai/OrchestratorTab.tsx(4,24): error TS2307: Cannot find module '@/components/ui/switch' or its corresponding type declarations.
src/components/admin/ai/OrchestratorTab.tsx(9,5): error TS6133: 'Zap' is declared but its value is never read.
src/components/admin/ai/OrchestratorTab.tsx(46,47): error TS7006: Parameter 'c' implicitly has an 'any' type.
src/components/admin/ai/OrchestratorTab.tsx(56,47): error TS7006: Parameter 'c' implicitly has an 'any' type.
src/components/admin/ai/RAGGeneratorTab.tsx(3,29): error TS6133: 'CardDescription' is declared but its value is never read.
src/components/admin/ai/RAGGeneratorTab.tsx(7,24): error TS2307: Cannot find module '@/components/ui/slider' or its corresponding type declarations.
src/components/admin/ai/RAGGeneratorTab.tsx(14,5): error TS6133: 'ChevronRight' is declared but its value is never read.
src/components/admin/ai/RAGGeneratorTab.tsx(15,5): error TS6133: 'ChevronDown' is declared but its value is never read.
src/components/admin/data/GoldenSetLibraryTab.tsx(25,1): error TS6192: All imports in import declaration are unused.
src/components/admin/data/GoldenSetLibraryTab.tsx(42,1): error TS6133: 'Textarea' is declared but its value is never read.
src/components/admin/data/GoldenSetLibraryTab.tsx(44,5): error TS6133: 'ChevronDown' is declared but its value is never read.
src/components/admin/data/GoldenSetLibraryTab.tsx(45,5): error TS6133: 'Check' is declared but its value is never read.
src/components/admin/data/GoldenSetLibraryTab.tsx(46,5): error TS6133: 'X' is declared but its value is never read.
src/components/admin/data/GoldenSetLibraryTab.tsx(48,5): error TS6133: 'RefreshCw' is declared but its value is never read.
src/components/admin/data/GoldenSetLibraryTab.tsx(51,5): error TS6133: 'FileText' is declared but its value is never read.
src/components/admin/data/GoldenSetLibraryTab.tsx(52,5): error TS6133: 'AlertCircle' is declared but its value is never read.
src/components/admin/data/GoldenSetLibraryTab.tsx(53,5): error TS6133: 'Search' is declared but its value is never read.
src/components/admin/data/GoldenSetLibraryTab.tsx(57,1): error TS6133: 'format' is declared but its value is never read.
src/components/admin/data/GoldenSetLibraryTab.tsx(58,26): error TS7016: Could not find a declaration file for module 'smiles-drawer'. 'C:/Users/?좊쾾??媛쒕컻?뚯뒪肄붾뱶/26_01/ADC?뚮옯??理쒖쥌/frontend/node_modules/smiles-drawer/app.js' implicitly has an 'any' type.
  Try `npm i --save-dev @types/smiles-drawer` if it exists or add a new declaration (.d.ts) file containing `declare module 'smiles-drawer';`
src/components/admin/data/GoldenSetLibraryTab.tsx(260,20): error TS6133: 'row' is declared but its value is never read.
src/components/admin/data/KnowledgeBaseTab.tsx(2,1): error TS6192: All imports in import declaration are unused.
src/components/admin/data/KnowledgeBaseTab.tsx(16,8): error TS2307: Cannot find module '@/components/ui/tooltip' or its corresponding type declarations.
src/components/admin/data/KnowledgeBaseTab.tsx(26,5): error TS6133: 'FileText' is declared but its value is never read.
src/components/admin/data/StagingAreaTab.tsx(2,1): error TS6133: 'motion' is declared but its value is never read.
src/components/admin/data/StagingAreaTab.tsx(7,1): error TS6192: All imports in import declaration are unused.
src/components/admin/data/StagingAreaTab.tsx(24,28): error TS2307: Cannot find module '@/components/ui/scroll-area' or its corresponding type declarations.
src/components/admin/data/StagingAreaTab.tsx(60,49): error TS18047: 'supabase' is possibly 'null'.
src/components/admin/data/StagingAreaTab.tsx(76,49): error TS18047: 'supabase' is possibly 'null'.
src/components/admin/data/StagingAreaTab.tsx(103,49): error TS18047: 'supabase' is possibly 'null'.
src/pages/Admin/AdminOverview.tsx(13,5): error TS6133: 'CheckCircle' is declared but its value is never read.
src/pages/Admin/AdminOverview.tsx(14,5): error TS6133: 'XCircle' is declared but its value is never read.
src/pages/Admin/AdminOverview.tsx(290,66): error TS6133: 'entry' is declared but its value is never read.
src/pages/Admin/DataOperations.tsx(1,1): error TS6133: 'useState' is declared but its value is never read.
