python : C:\Users\유범석\
개발소스코드\26_01\ADC플랫폼_최종
\backend\app\services\
pubmed_knowledge_servi
ce.py:13: FutureWarnin
g: 
위치 줄:1 문자:1
+ python test_pubmed_a
i_fix.py > test_output
.txt 2>&1
+ ~~~~~~~~~~~~~~~~~~~~
~~~~~~~~~~~~~~~~~~~~~~
~~~~~~~~~
    + CategoryInfo    
          : NotSpeci  
  fied: (C:\Users\유   
 범석\개발...FutureWar    
ning: :String) []    ,
 RemoteException
    + FullyQualifiedE 
   rrorId : NativeCo  
  mmandError
 

All support for the `g
oogle.generativeai` pa
ckage has ended. It wi
ll no longer be receiv
ing 
updates or bug fixes. 
Please switch to the `
google.genai` package 
as soon as possible.
See README for more de
tails:

https://github.com/goo
gle-gemini/deprecated-
generative-ai-python/b
lob/main/README.md

  import google.genera
tiveai as genai
Traceback (most recent
 call last):
  File "C:\Users\유범석\개
발소스코드\26_01\ADC플랫폼_최종\
backend\test_pubmed_ai
_fix.py", line 128, in
 <module>
    asyncio.run(main()
)
    ~~~~~~~~~~~^^^^^^^
^
  File "C:\Python313\L
ib\asyncio\runners.py"
, line 195, in run
    return runner.run(
main)
           ~~~~~~~~~~^
^^^^^
  File "C:\Python313\L
ib\asyncio\runners.py"
, line 118, in run
    return self._loop.
run_until_complete(tas
k)
           ~~~~~~~~~~~
~~~~~~~~~~~~~~~~~~^^^^
^^
  File "C:\Python313\L
ib\asyncio\base_events
.py", line 725, in run
_until_complete
    return future.resu
lt()
           ~~~~~~~~~~~
~~^^
  File "C:\Users\유범석\개
발소스코드\26_01\ADC플랫폼_최종\
backend\test_pubmed_ai
_fix.py", line 113, in
 main
    print("\U0001f680 
Starting 3-Step Verifi
cation...")
    ~~~~~^^^^^^^^^^^^^
^^^^^^^^^^^^^^^^^^^^^^
^^^
UnicodeEncodeError: 'c
p949' codec can't enco
de character '\U0001f6
80' in position 0: ill
egal multibyte sequenc
e
